// Jest Snapshot v1, https://goo.gl/fbAQLP

exports[`Pruebas en <GifGrid /> Debe de mostrarse correctamente 1`] = `
<Fragment>
  <h3>
    One punch
  </h3>
  <p
    className="animate__animated animate__flash"
  >
    Cargando
  </p>
  <div
    className="card-grid"
  />
</Fragment>
`;
